Row 0: {'name': 'Daawat Basmati Rice', 'category': 'Grains & Pulses', 'price': 127, 'cost_price': 105, 'stock': 476, 'unit': 'kg', 'size': '1kg', 'sku': 'GRAIN-001', 'barcode': 8901234567890, 'description': 'Premium long grain rice', 'expiry_date': '2027-12-31'}
Row 1: {'name': 'Aashirvaad Whole Wheat Atta', 'category': 'Grains & Pulses', 'price': 248, 'cost_price': 198, 'stock': 312, 'unit': 'kg', 'size': '5kg', 'sku': 'GRAIN-002', 'barcode': 8901234567891, 'description': 'Chakki fresh atta', 'expiry_date': '2026-06-30'}
Row 2: {'name': 'Tata Sampann Toor Dal', 'category': 'Grains & Pulses', 'price': 142, 'cost_price': 115, 'stock': 195, 'unit': 'kg', 'size': '1kg', 'sku': 'GRAIN-003', 'barcode': 8901234567892, 'description': 'Unpolished dal', 'expiry_date': '2026-12-31'}
Row 3: {'name': 'Fortune Refined Sunflower Oil', 'category': 'Spices & Oils', 'price': 168, 'cost_price': 135, 'stock': 389, 'unit': 'L', 'size': '1L', 'sku': 'OIL-001', 'barcode': 8901234567893, 'description': 'Light cooking oil', 'expiry_date': '2026-09-30'}
Row 4: {'name': 'Dhara Mustard Oil', 'category': 'Spices & Oils', 'price': 182, 'cost_price': 145, 'stock': 341, 'unit': 'L', 'size': '1L', 'sku': 'OIL-002', 'barcode': 8901234567894, 'description': 'Kachi ghani oil', 'expiry_date': '2026-09-30'}
Row 5: {'name': 'Saffola Gold Oil', 'category': 'Spices & Oils', 'price': 215, 'cost_price': 175, 'stock': 223, 'unit': 'L', 'size': '1L', 'sku': 'OIL-003', 'barcode': 8901234567895, 'description': 'Heart healthy oil', 'expiry_date': '2026-08-31'}
Row 6: {'name': 'Tata Salt', 'category': 'Grains & Pulses', 'price': 28, 'cost_price': 21, 'stock': 982, 'unit': 'kg', 'size': '1kg', 'sku': 'GRAIN-004', 'barcode': 8901234567896, 'description': 'Desh ka namak', 'expiry_date': '2027-12-31'}
Row 7: {'name': 'Madhur Sugar', 'category': 'Grains & Pulses', 'price': 58, 'cost_price': 45, 'stock': 764, 'unit': 'kg', 'size': '1kg', 'sku': 'GRAIN-005', 'barcode': 8901234567897, 'description': 'Pure sulphur free sugar', 'expiry_date': '2027-12-31'}
Row 8: {'name': 'Everest Turmeric Powder', 'category': 'Spices & Oils', 'price': 38, 'cost_price': 28, 'stock': 384, 'unit': 'pkt', 'size': '100g', 'sku': 'SPICE-001', 'barcode': 8901234567898, 'description': 'Kitchen essential', 'expiry_date': '2026-12-31'}
Row 9: {'name': 'MDH Red Chilli Powder', 'category': 'Spices & Oils', 'price': 48, 'cost_price': 35, 'stock': 392, 'unit': 'pkt', 'size': '100g', 'sku': 'SPICE-002', 'barcode': 8901234567899, 'description': 'Spicy lal mirch', 'expiry_date': '2026-12-31'}
Row 10: {'name': 'Amul Taaza Milk', 'category': 'Dairy (Milk, Eggs, Cheese)', 'price': 74, 'cost_price': 60, 'stock': 96, 'unit': 'L', 'size': '1L', 'sku': 'DAIRY-001', 'barcode': 8901234567900, 'description': 'Fresh toned milk', 'expiry_date': '2026-02-15'}
Row 11: {'name': 'Amul Butter', 'category': 'Dairy (Milk, Eggs, Cheese)', 'price': 255, 'cost_price': 205, 'stock': 143, 'unit': 'pkt', 'size': '500g', 'sku': 'DAIRY-002', 'barcode': 8901234567901, 'description': 'Utterly butterly delicious', 'expiry_date': '2026-05-31'}
Row 12: {'name': 'Britannia Cheese Block', 'category': 'Dairy (Milk, Eggs, Cheese)', 'price': 145, 'cost_price': 110, 'stock': 112, 'unit': 'pkt', 'size': '200g', 'sku': 'DAIRY-003', 'barcode': 8901234567902, 'description': 'Creamy cheese block', 'expiry_date': '2026-08-31'}
Row 13: {'name': 'Mother Dairy Curd', 'category': 'Dairy (Milk, Eggs, Cheese)', 'price': 38, 'cost_price': 30, 'stock': 187, 'unit': 'pkt', 'size': '400g', 'sku': 'DAIRY-004', 'barcode': 8901234567903, 'description': 'Set curd', 'expiry_date': '2026-02-20'}
Row 14: {'name': 'Amul Paneer', 'category': 'Dairy (Milk, Eggs, Cheese)', 'price': 95, 'cost_price': 75, 'stock': 165, 'unit': 'pkt', 'size': '200g', 'sku': 'DAIRY-005', 'barcode': 8901234567904, 'description': 'Soft fresh paneer', 'expiry_date': '2026-03-31'}
Row 15: {'name': 'Farm Fresh Eggs', 'category': 'Dairy (Milk, Eggs, Cheese)', 'price': 94, 'cost_price': 75, 'stock': 275, 'unit': 'dz', 'size': '12pcs', 'sku': 'DAIRY-006', 'barcode': 8901234567905, 'description': 'Local poultry eggs', 'expiry_date': '2026-03-01'}
Row 16: {'name': 'Britannia Marie Gold', 'category': 'Bakery Items', 'price': 32, 'cost_price': 24, 'stock': 584, 'unit': 'pkt', 'size': '250g', 'sku': 'SNACK-001', 'barcode': 8901234567906, 'description': 'For tea time', 'expiry_date': '2026-09-30'}
Row 17: {'name': 'Parle-G Biscuits', 'category': 'Bakery Items', 'price': 12, 'cost_price': 9, 'stock': 945, 'unit': 'pkt', 'size': '130g', 'sku': 'SNACK-002', 'barcode': 8901234567907, 'description': 'Classic biscuits', 'expiry_date': '2026-09-30'}
Row 18: {'name': 'Good Day Cashew', 'category': 'Snacks', 'price': 22, 'cost_price': 16, 'stock': 467, 'unit': 'pkt', 'size': '60g', 'sku': 'SNACK-003', 'barcode': 8901234567908, 'description': 'With real cashew', 'expiry_date': '2026-08-31'}
Row 19: {'name': 'Oreo Vanilla Cream', 'category': 'Snacks', 'price': 38, 'cost_price': 28, 'stock': 389, 'unit': 'pkt', 'size': '120g', 'sku': 'SNACK-004', 'barcode': 8901234567909, 'description': 'Twist lick dunk', 'expiry_date': '2026-10-31'}
Row 20: {'name': 'Lays Magic Masala', 'category': 'Snacks', 'price': 22, 'cost_price': 18, 'stock': 576, 'unit': 'pkt', 'size': '50g', 'sku': 'SNACK-005', 'barcode': 8901234567910, 'description': 'Spicy potato chips', 'expiry_date': '2026-07-31'}
Row 21: {'name': 'Kurkure Masala Munch', 'category': 'Snacks', 'price': 22, 'cost_price': 18, 'stock': 589, 'unit': 'pkt', 'size': '90g', 'sku': 'SNACK-006', 'barcode': 8901234567911, 'description': 'Tedha hai par mera hai', 'expiry_date': '2026-07-31'}
Row 22: {'name': 'Haldiram Aloo Bhujia', 'category': 'Snacks', 'price': 55, 'cost_price': 42, 'stock': 278, 'unit': 'pkt', 'size': '200g', 'sku': 'SNACK-007', 'barcode': 8901234567912, 'description': 'Favorite namkeen', 'expiry_date': '2026-08-31'}
Row 23: {'name': 'Maggi 2-Minute Noodles', 'category': 'Snacks', 'price': 16, 'cost_price': 12, 'stock': 742, 'unit': 'pkt', 'size': '70g', 'sku': 'SNACK-008', 'barcode': 8901234567913, 'description': 'Masala noodles', 'expiry_date': '2026-11-30'}
Row 24: {'name': 'Kissan Tomato Ketchup', 'category': 'Groceries', 'price': 135, 'cost_price': 105, 'stock': 189, 'unit': 'btl', 'size': '950g', 'sku': 'GROC-001', 'barcode': 8901234567914, 'description': 'Fresh tomato sauce', 'expiry_date': '2026-12-31'}
Row 25: {'name': 'Kelloggs Corn Flakes', 'category': 'Groceries', 'price': 345, 'cost_price': 280, 'stock': 134, 'unit': 'pkt', 'size': '475g', 'sku': 'GROC-002', 'barcode': 8901234567915, 'description': 'Breakfast cereal', 'expiry_date': '2027-01-31'}
Row 26: {'name': 'Quaker Oats', 'category': 'Groceries', 'price': 195, 'cost_price': 155, 'stock': 178, 'unit': 'pkt', 'size': '1kg', 'sku': 'GROC-003', 'barcode': 8901234567916, 'description': 'Rolled oats', 'expiry_date': '2027-01-31'}
Row 27: {'name': 'Nescafe Classic Coffee', 'category': 'Beverages', 'price': 355, 'cost_price': 290, 'stock': 134, 'unit': 'jar', 'size': '100g', 'sku': 'BEV-001', 'barcode': 8901234567917, 'description': 'Rich aroma coffee', 'expiry_date': '2027-06-30'}
Row 28: {'name': 'Red Label Tea', 'category': 'Beverages', 'price': 315, 'cost_price': 250, 'stock': 187, 'unit': 'pkt', 'size': '500g', 'sku': 'BEV-002', 'barcode': 8901234567918, 'description': 'Strong chai', 'expiry_date': '2027-06-30'}
Row 29: {'name': 'Cocoa Cola', 'category': 'Beverages', 'price': 42, 'cost_price': 32, 'stock': 356, 'unit': 'btl', 'size': '750ml', 'sku': 'BEV-003', 'barcode': 8901234567919, 'description': 'Original taste', 'expiry_date': '2026-08-31'}
Row 30: {'name': 'Thums Up', 'category': 'Beverages', 'price': 42, 'cost_price': 32, 'stock': 345, 'unit': 'btl', 'size': '750ml', 'sku': 'BEV-004', 'barcode': 8901234567920, 'description': 'Taste the thunder', 'expiry_date': '2026-08-31'}
Row 31: {'name': 'Sprite', 'category': 'Beverages', 'price': 42, 'cost_price': 32, 'stock': 367, 'unit': 'btl', 'size': '750ml', 'sku': 'BEV-005', 'barcode': 8901234567921, 'description': 'Clear soda', 'expiry_date': '2026-08-31'}
Row 32: {'name': 'Tropicana Mixed Fruit', 'category': 'Beverages', 'price': 115, 'cost_price': 90, 'stock': 134, 'unit': 'pkt', 'size': '1L', 'sku': 'BEV-006', 'barcode': 8901234567922, 'description': 'Natural juice', 'expiry_date': '2026-09-30'}
Row 33: {'name': 'Lux Rose Soap', 'category': 'Personal Care', 'price': 38, 'cost_price': 28, 'stock': 456, 'unit': 'pcs', 'size': '100g', 'sku': 'PC-001', 'barcode': 8901234567923, 'description': 'Soft skin soap', 'expiry_date': '2028-01-31'}
Row 34: {'name': 'Dettol Original Soap', 'category': 'Personal Care', 'price': 42, 'cost_price': 32, 'stock': 478, 'unit': 'pcs', 'size': '125g', 'sku': 'PC-002', 'barcode': 8901234567924, 'description': 'Germ protection soap', 'expiry_date': '2028-01-31'}
Row 35: {'name': 'Dove Shampoo', 'category': 'Personal Care', 'price': 195, 'cost_price': 155, 'stock': 234, 'unit': 'btl', 'size': '340ml', 'sku': 'PC-003', 'barcode': 8901234567925, 'description': 'Damage repair shampoo', 'expiry_date': '2028-01-31'}
Row 36: {'name': 'Colgate Strong Teeth', 'category': 'Personal Care', 'price': 118, 'cost_price': 90, 'stock': 367, 'unit': 'tube', 'size': '200g', 'sku': 'PC-004', 'barcode': 8901234567926, 'description': 'Everyday protection', 'expiry_date': '2028-01-31'}
Row 37: {'name': 'Ponds Talcum Powder', 'category': 'Personal Care', 'price': 235, 'cost_price': 185, 'stock': 145, 'unit': 'btl', 'size': '400g', 'sku': 'PC-005', 'barcode': 8901234567927, 'description': 'Floral freshness', 'expiry_date': '2028-01-31'}
Row 38: {'name': 'Himalaya Face Wash', 'category': 'Personal Care', 'price': 165, 'cost_price': 130, 'stock': 189, 'unit': 'tube', 'size': '100ml', 'sku': 'PC-006', 'barcode': 8901234567928, 'description': 'Natural herbal care', 'expiry_date': '2027-12-31'}
Row 39: {'name': 'Surf Excel Matic', 'category': 'Household Items', 'price': 255, 'cost_price': 200, 'stock': 278, 'unit': 'pkt', 'size': '1kg', 'sku': 'HH-001', 'barcode': 8901234567929, 'description': 'Machine wash detergent', 'expiry_date': '2028-01-31'}
Row 40: {'name': 'Vim Dishwash Gel', 'category': 'Household Items', 'price': 195, 'cost_price': 155, 'stock': 267, 'unit': 'btl', 'size': '750ml', 'sku': 'HH-002', 'barcode': 8901234567930, 'description': 'Grease removal gel', 'expiry_date': '2028-01-31'}
Row 41: {'name': 'Lizol Floor Cleaner', 'category': 'Household Items', 'price': 215, 'cost_price': 170, 'stock': 234, 'unit': 'btl', 'size': '975ml', 'sku': 'HH-003', 'barcode': 8901234567931, 'description': 'Germ kill formula', 'expiry_date': '2028-01-31'}
Row 42: {'name': 'Harpic Toilet Cleaner', 'category': 'Household Items', 'price': 198, 'cost_price': 155, 'stock': 245, 'unit': 'btl', 'size': '1L', 'sku': 'HH-004', 'barcode': 8901234567932, 'description': 'Bathroom cleaner', 'expiry_date': '2028-01-31'}
Row 43: {'name': 'Odonil Room Freshener', 'category': 'Household Items', 'price': 65, 'cost_price': 50, 'stock': 289, 'unit': 'pcs', 'size': '50g', 'sku': 'HH-005', 'barcode': 8901234567933, 'description': 'Bathroom freshener', 'expiry_date': '2027-12-31'}
Row 44: {'name': 'Duracell AA Batteries', 'category': 'Household Items', 'price': 195, 'cost_price': 150, 'stock': 178, 'unit': 'pkt', 'size': '4pcs', 'sku': 'HH-006', 'barcode': 8901234567934, 'description': 'Long lasting battery', 'expiry_date': '2030-12-31'}
Row 45: {'name': 'Scotch Brite Scrub', 'category': 'Household Items', 'price': 22, 'cost_price': 15, 'stock': 467, 'unit': 'pcs', 'size': '1pc', 'sku': 'HH-007', 'barcode': 8901234567935, 'description': 'Durable scrub pad', 'expiry_date': '2030-12-31'}
Row 46: {'name': 'Shimla Apple', 'category': 'Fruits', 'price': 215, 'cost_price': 160, 'stock': 89, 'unit': 'kg', 'size': '1kg', 'sku': 'FRUIT-001', 'barcode': 8901234567936, 'description': 'Fresh seasonal fruit', 'expiry_date': '2026-03-15'}
Row 47: {'name': 'Robusta Banana', 'category': 'Fruits', 'price': 65, 'cost_price': 45, 'stock': 189, 'unit': 'dz', 'size': '1dz', 'sku': 'FRUIT-002', 'barcode': 8901234567937, 'description': 'Yellow ripe banana', 'expiry_date': '2026-02-25'}
Row 48: {'name': 'Onion', 'category': 'Vegetables', 'price': 42, 'cost_price': 30, 'stock': 467, 'unit': 'kg', 'size': '1kg', 'sku': 'VEG-001', 'barcode': 8901234567938, 'description': 'Red medium onion', 'expiry_date': '2026-04-15'}
Row 49: {'name': 'Potato', 'category': 'Vegetables', 'price': 32, 'cost_price': 22, 'stock': 534, 'unit': 'kg', 'size': '1kg', 'sku': 'VEG-002', 'barcode': 8901234567939, 'description': 'Fresh farm potato', 'expiry_date': '2026-05-15'}
